// Jest Snapshot v1, https://goo.gl/fbAQLP

exports[`Collections Component should fetch collections and render them 1`] = `
Object {
  "asFragment": [Function],
  "baseElement": <body>
    <div>
      <div
        class="details-page"
      >
        <div
          class="details-header"
        >
          <h2 />
        </div>
        <div
          class="collection-stats"
        >
          <h3>
            Collection Stat's
          </h3>
        </div>
        <ul
          class="details-list"
        >
          <li
            class="details-list-item"
          >
            <span>
              Title
            </span>
            <span />
          </li>
          <li
            class="details-list-item"
          >
            <span>
              Description
            </span>
            <span>
              null
            </span>
          </li>
          <li
            class="details-list-item"
          >
            <span>
              Total photos
            </span>
            <span />
          </li>
          <li
            class="details-list-item tag"
          >
            <span>
              Tags
            </span>
            <div />
          </li>
          <li
            class="details-list-item"
          >
            <span>
              Photos in the collection
            </span>
            <span>
              Photos in
              collection
            </span>
          </li>
          <li
            class="details-list-item preview"
          >
            <span>
              Preview Photos
            </span>
            <div />
          </li>
        </ul>
      </div>
    </div>
  </body>,
  "container": <div>
    <div
      class="details-page"
    >
      <div
        class="details-header"
      >
        <h2 />
      </div>
      <div
        class="collection-stats"
      >
        <h3>
          Collection Stat's
        </h3>
      </div>
      <ul
        class="details-list"
      >
        <li
          class="details-list-item"
        >
          <span>
            Title
          </span>
          <span />
        </li>
        <li
          class="details-list-item"
        >
          <span>
            Description
          </span>
          <span>
            null
          </span>
        </li>
        <li
          class="details-list-item"
        >
          <span>
            Total photos
          </span>
          <span />
        </li>
        <li
          class="details-list-item tag"
        >
          <span>
            Tags
          </span>
          <div />
        </li>
        <li
          class="details-list-item"
        >
          <span>
            Photos in the collection
          </span>
          <span>
            Photos in
            collection
          </span>
        </li>
        <li
          class="details-list-item preview"
        >
          <span>
            Preview Photos
          </span>
          <div />
        </li>
      </ul>
    </div>
  </div>,
  "debug": [Function],
  "findAllByAltText": [Function],
  "findAllByDisplayValue": [Function],
  "findAllByLabelText": [Function],
  "findAllByPlaceholderText": [Function],
  "findAllByRole": [Function],
  "findAllByTestId": [Function],
  "findAllByText": [Function],
  "findAllByTitle": [Function],
  "findByAltText": [Function],
  "findByDisplayValue": [Function],
  "findByLabelText": [Function],
  "findByPlaceholderText": [Function],
  "findByRole": [Function],
  "findByTestId": [Function],
  "findByText": [Function],
  "findByTitle": [Function],
  "getAllByAltText": [Function],
  "getAllByDisplayValue": [Function],
  "getAllByLabelText": [Function],
  "getAllByPlaceholderText": [Function],
  "getAllByRole": [Function],
  "getAllByTestId": [Function],
  "getAllByText": [Function],
  "getAllByTitle": [Function],
  "getByAltText": [Function],
  "getByDisplayValue": [Function],
  "getByLabelText": [Function],
  "getByPlaceholderText": [Function],
  "getByRole": [Function],
  "getByTestId": [Function],
  "getByText": [Function],
  "getByTitle": [Function],
  "queryAllByAltText": [Function],
  "queryAllByDisplayValue": [Function],
  "queryAllByLabelText": [Function],
  "queryAllByPlaceholderText": [Function],
  "queryAllByRole": [Function],
  "queryAllByTestId": [Function],
  "queryAllByText": [Function],
  "queryAllByTitle": [Function],
  "queryByAltText": [Function],
  "queryByDisplayValue": [Function],
  "queryByLabelText": [Function],
  "queryByPlaceholderText": [Function],
  "queryByRole": [Function],
  "queryByTestId": [Function],
  "queryByText": [Function],
  "queryByTitle": [Function],
  "rerender": [Function],
  "unmount": [Function],
}
`;
